// Jest Snapshot v1, https://goo.gl/fbAQLP

exports[`Dialog component renders as expected 1`] = `
<DocumentFragment>
  <div
    data-testid="dialog testID"
  >
    <button
      class="sc-ifAKCX iFmML"
    >
       More Info 
    </button>
  </div>
</DocumentFragment>
`;
