// Jest Snapshot v1, https://goo.gl/fbAQLP

exports[`DisplayResults component renders as expected 1`] = `
<styled.div
  data-testid="displayContainer ID"
/>
`;
